Archive member included to satisfy reference by file (symbol)

c:/st/stm32cubeide_1.4.0/stm32cubeide/plugins/com.st.stm32cube.ide.mcu.externaltools.gnu-tools-for-stm32.7-2018-q2-update.win32_1.4.0.202007081208/tools/bin/../lib/gcc/arm-none-eabi/7.3.1/../../../../arm-none-eabi/lib/thumb/v7-m\libc_nano.a(lib_a-errno.o)
                              Core/Src/syscalls.o (__errno)
c:/st/stm32cubeide_1.4.0/stm32cubeide/plugins/com.st.stm32cube.ide.mcu.externaltools.gnu-tools-for-stm32.7-2018-q2-update.win32_1.4.0.202007081208/tools/bin/../lib/gcc/arm-none-eabi/7.3.1/../../../../arm-none-eabi/lib/thumb/v7-m\libc_nano.a(lib_a-exit.o)
                              c:/st/stm32cubeide_1.4.0/stm32cubeide/plugins/com.st.stm32cube.ide.mcu.externaltools.gnu-tools-for-stm32.7-2018-q2-update.win32_1.4.0.202007081208/tools/bin/../lib/gcc/arm-none-eabi/7.3.1/../../../../arm-none-eabi/lib/thumb/v7-m/crt0.o (exit)
c:/st/stm32cubeide_1.4.0/stm32cubeide/plugins/com.st.stm32cube.ide.mcu.externaltools.gnu-tools-for-stm32.7-2018-q2-update.win32_1.4.0.202007081208/tools/bin/../lib/gcc/arm-none-eabi/7.3.1/../../../../arm-none-eabi/lib/thumb/v7-m\libc_nano.a(lib_a-impure.o)
                              c:/st/stm32cubeide_1.4.0/stm32cubeide/plugins/com.st.stm32cube.ide.mcu.externaltools.gnu-tools-for-stm32.7-2018-q2-update.win32_1.4.0.202007081208/tools/bin/../lib/gcc/arm-none-eabi/7.3.1/../../../../arm-none-eabi/lib/thumb/v7-m\libc_nano.a(lib_a-exit.o) (_global_impure_ptr)
c:/st/stm32cubeide_1.4.0/stm32cubeide/plugins/com.st.stm32cube.ide.mcu.externaltools.gnu-tools-for-stm32.7-2018-q2-update.win32_1.4.0.202007081208/tools/bin/../lib/gcc/arm-none-eabi/7.3.1/../../../../arm-none-eabi/lib/thumb/v7-m\libc_nano.a(lib_a-init.o)
                              c:/st/stm32cubeide_1.4.0/stm32cubeide/plugins/com.st.stm32cube.ide.mcu.externaltools.gnu-tools-for-stm32.7-2018-q2-update.win32_1.4.0.202007081208/tools/bin/../lib/gcc/arm-none-eabi/7.3.1/../../../../arm-none-eabi/lib/thumb/v7-m/crt0.o (__libc_init_array)
c:/st/stm32cubeide_1.4.0/stm32cubeide/plugins/com.st.stm32cube.ide.mcu.externaltools.gnu-tools-for-stm32.7-2018-q2-update.win32_1.4.0.202007081208/tools/bin/../lib/gcc/arm-none-eabi/7.3.1/../../../../arm-none-eabi/lib/thumb/v7-m\libc_nano.a(lib_a-memcpy-stub.o)
                              Core/Src/kfifo.o (memcpy)
c:/st/stm32cubeide_1.4.0/stm32cubeide/plugins/com.st.stm32cube.ide.mcu.externaltools.gnu-tools-for-stm32.7-2018-q2-update.win32_1.4.0.202007081208/tools/bin/../lib/gcc/arm-none-eabi/7.3.1/../../../../arm-none-eabi/lib/thumb/v7-m\libc_nano.a(lib_a-memset.o)
                              c:/st/stm32cubeide_1.4.0/stm32cubeide/plugins/com.st.stm32cube.ide.mcu.externaltools.gnu-tools-for-stm32.7-2018-q2-update.win32_1.4.0.202007081208/tools/bin/../lib/gcc/arm-none-eabi/7.3.1/../../../../arm-none-eabi/lib/thumb/v7-m/crt0.o (memset)

Allocating common symbols
Common symbol       size              file

uwTick              0x4               Drivers/STM32F1xx_HAL_Driver/Src/stm32f1xx_hal.o
pFlash              0x20              Drivers/STM32F1xx_HAL_Driver/Src/stm32f1xx_hal_flash.o
USART1_RxBuff       0x100             Core/Src/usart.o
hdma_usart1_rx      0x44              Core/Src/usart.o
huart1              0x40              Core/Src/usart.o
htim7               0x48              Core/Src/stm32f1xx_hal_timebase_tim.o

Discarded input sections

 .text          0x0000000000000000        0x0 c:/st/stm32cubeide_1.4.0/stm32cubeide/plugins/com.st.stm32cube.ide.mcu.externaltools.gnu-tools-for-stm32.7-2018-q2-update.win32_1.4.0.202007081208/tools/bin/../lib/gcc/arm-none-eabi/7.3.1/thumb/v7-m/crti.o
 .data          0x0000000000000000        0x0 c:/st/stm32cubeide_1.4.0/stm32cubeide/plugins/com.st.stm32cube.ide.mcu.externaltools.gnu-tools-for-stm32.7-2018-q2-update.win32_1.4.0.202007081208/tools/bin/../lib/gcc/arm-none-eabi/7.3.1/thumb/v7-m/crti.o
 .bss           0x0000000000000000        0x0 c:/st/stm32cubeide_1.4.0/stm32cubeide/plugins/com.st.stm32cube.ide.mcu.externaltools.gnu-tools-for-stm32.7-2018-q2-update.win32_1.4.0.202007081208/tools/bin/../lib/gcc/arm-none-eabi/7.3.1/thumb/v7-m/crti.o
 .data          0x0000000000000000        0x4 c:/st/stm32cubeide_1.4.0/stm32cubeide/plugins/com.st.stm32cube.ide.mcu.externaltools.gnu-tools-for-stm32.7-2018-q2-update.win32_1.4.0.202007081208/tools/bin/../lib/gcc/arm-none-eabi/7.3.1/thumb/v7-m/crtbegin.o
 .text          0x0000000000000000       0x74 c:/st/stm32cubeide_1.4.0/stm32cubeide/plugins/com.st.stm32cube.ide.mcu.externaltools.gnu-tools-for-stm32.7-2018-q2-update.win32_1.4.0.202007081208/tools/bin/../lib/gcc/arm-none-eabi/7.3.1/../../../../arm-none-eabi/lib/thumb/v7-m/crt0.o
 .data          0x0000000000000000        0x0 c:/st/stm32cubeide_1.4.0/stm32cubeide/plugins/com.st.stm32cube.ide.mcu.externaltools.gnu-tools-for-stm32.7-2018-q2-update.win32_1.4.0.202007081208/tools/bin/../lib/gcc/arm-none-eabi/7.3.1/../../../../arm-none-eabi/lib/thumb/v7-m/crt0.o
[...]
Memory Configuration

Name             Origin             Length             Attributes
RAM              0x0000000020000000 0x000000000000c000 xrw
FLASH            0x0000000008000000 0x0000000000040000 xr
*default*        0x0000000000000000 0xffffffffffffffff

Linker script and memory map

LOAD c:/st/stm32cubeide_1.4.0/stm32cubeide/plugins/com.st.stm32cube.ide.mcu.externaltools.gnu-tools-for-stm32.7-2018-q2-update.win32_1.4.0.202007081208/tools/bin/../lib/gcc/arm-none-eabi/7.3.1/thumb/v7-m/crti.o
LOAD c:/st/stm32cubeide_1.4.0/stm32cubeide/plugins/com.st.stm32cube.ide.mcu.externaltools.gnu-tools-for-stm32.7-2018-q2-update.win32_1.4.0.202007081208/tools/bin/../lib/gcc/arm-none-eabi/7.3.1/thumb/v7-m/crtbegin.o
LOAD c:/st/stm32cubeide_1.4.0/stm32cubeide/plugins/com.st.stm32cube.ide.mcu.externaltools.gnu-tools-for-stm32.7-2018-q2-update.win32_1.4.0.202007081208/tools/bin/../lib/gcc/arm-none-eabi/7.3.1/../../../../arm-none-eabi/lib/thumb/v7-m/crt0.o
LOAD Core/Src/dma.o
LOAD Core/Src/gpio.o
LOAD Core/Src/kfifo.o
LOAD Core/Src/main.o
LOAD Core/Src/stm32f1xx_hal_msp.o
LOAD Core/Src/stm32f1xx_hal_timebase_tim.o
LOAD Core/Src/stm32f1xx_it.o
LOAD Core/Src/syscalls.o
LOAD Core/Src/sysmem.o
LOAD Core/Src/system_stm32f1xx.o
LOAD Core/Src/usart.o
LOAD Core/Src/usart_SWO_printf.o
LOAD Core/Startup/startup_stm32f103rctx.o
LOAD Drivers/STM32F1xx_HAL_Driver/Src/stm32f1xx_hal.o
LOAD Drivers/STM32F1xx_HAL_Driver/Src/stm32f1xx_hal_cortex.o
LOAD Drivers/STM32F1xx_HAL_Driver/Src/stm32f1xx_hal_dma.o
LOAD Drivers/STM32F1xx_HAL_Driver/Src/stm32f1xx_hal_exti.o
LOAD Drivers/STM32F1xx_HAL_Driver/Src/stm32f1xx_hal_flash.o
LOAD Drivers/STM32F1xx_HAL_Driver/Src/stm32f1xx_hal_flash_ex.o
LOAD Drivers/STM32F1xx_HAL_Driver/Src/stm32f1xx_hal_gpio.o
LOAD Drivers/STM32F1xx_HAL_Driver/Src/stm32f1xx_hal_gpio_ex.o
LOAD Drivers/STM32F1xx_HAL_Driver/Src/stm32f1xx_hal_pwr.o
LOAD Drivers/STM32F1xx_HAL_Driver/Src/stm32f1xx_hal_rcc.o
LOAD Drivers/STM32F1xx_HAL_Driver/Src/stm32f1xx_hal_rcc_ex.o
LOAD Drivers/STM32F1xx_HAL_Driver/Src/stm32f1xx_hal_tim.o
LOAD Drivers/STM32F1xx_HAL_Driver/Src/stm32f1xx_hal_tim_ex.o
LOAD Drivers/STM32F1xx_HAL_Driver/Src/stm32f1xx_hal_uart.o
START GROUP
LOAD c:/st/stm32cubeide_1.4.0/stm32cubeide/plugins/com.st.stm32cube.ide.mcu.externaltools.gnu-tools-for-stm32.7-2018-q2-update.win32_1.4.0.202007081208/tools/bin/../lib/gcc/arm-none-eabi/7.3.1/../../../../arm-none-eabi/lib/thumb/v7-m\libc_nano.a
LOAD c:/st/stm32cubeide_1.4.0/stm32cubeide/plugins/com.st.stm32cube.ide.mcu.externaltools.gnu-tools-for-stm32.7-2018-q2-update.win32_1.4.0.202007081208/tools/bin/../lib/gcc/arm-none-eabi/7.3.1/../../../../arm-none-eabi/lib/thumb/v7-m\libm.a
END GROUP
START GROUP
LOAD c:/st/stm32cubeide_1.4.0/stm32cubeide/plugins/com.st.stm32cube.ide.mcu.externaltools.gnu-tools-for-stm32.7-2018-q2-update.win32_1.4.0.202007081208/tools/bin/../lib/gcc/arm-none-eabi/7.3.1/thumb/v7-m\libgcc.a
LOAD c:/st/stm32cubeide_1.4.0/stm32cubeide/plugins/com.st.stm32cube.ide.mcu.externaltools.gnu-tools-for-stm32.7-2018-q2-update.win32_1.4.0.202007081208/tools/bin/../lib/gcc/arm-none-eabi/7.3.1/../../../../arm-none-eabi/lib/thumb/v7-m\libc_nano.a
END GROUP
START GROUP
LOAD c:/st/stm32cubeide_1.4.0/stm32cubeide/plugins/com.st.stm32cube.ide.mcu.externaltools.gnu-tools-for-stm32.7-2018-q2-update.win32_1.4.0.202007081208/tools/bin/../lib/gcc/arm-none-eabi/7.3.1/thumb/v7-m\libgcc.a
LOAD c:/st/stm32cubeide_1.4.0/stm32cubeide/plugins/com.st.stm32cube.ide.mcu.externaltools.gnu-tools-for-stm32.7-2018-q2-update.win32_1.4.0.202007081208/tools/bin/../lib/gcc/arm-none-eabi/7.3.1/../../../../arm-none-eabi/lib/thumb/v7-m\libc_nano.a
LOAD c:/st/stm32cubeide_1.4.0/stm32cubeide/plugins/com.st.stm32cube.ide.mcu.externaltools.gnu-tools-for-stm32.7-2018-q2-update.win32_1.4.0.202007081208/tools/bin/../lib/gcc/arm-none-eabi/7.3.1/../../../../arm-none-eabi/lib/thumb/v7-m\libnosys.a
END GROUP
START GROUP
LOAD c:/st/stm32cubeide_1.4.0/stm32cubeide/plugins/com.st.stm32cube.ide.mcu.externaltools.gnu-tools-for-stm32.7-2018-q2-update.win32_1.4.0.202007081208/tools/bin/../lib/gcc/arm-none-eabi/7.3.1/thumb/v7-m\libgcc.a
LOAD c:/st/stm32cubeide_1.4.0/stm32cubeide/plugins/com.st.stm32cube.ide.mcu.externaltools.gnu-tools-for-stm32.7-2018-q2-update.win32_1.4.0.202007081208/tools/bin/../lib/gcc/arm-none-eabi/7.3.1/../../../../arm-none-eabi/lib/thumb/v7-m\libc_nano.a
LOAD c:/st/stm32cubeide_1.4.0/stm32cubeide/plugins/com.st.stm32cube.ide.mcu.externaltools.gnu-tools-for-stm32.7-2018-q2-update.win32_1.4.0.202007081208/tools/bin/../lib/gcc/arm-none-eabi/7.3.1/../../../../arm-none-eabi/lib/thumb/v7-m\libnosys.a
END GROUP
LOAD c:/st/stm32cubeide_1.4.0/stm32cubeide/plugins/com.st.stm32cube.ide.mcu.externaltools.gnu-tools-for-stm32.7-2018-q2-update.win32_1.4.0.202007081208/tools/bin/../lib/gcc/arm-none-eabi/7.3.1/thumb/v7-m/crtend.o
LOAD c:/st/stm32cubeide_1.4.0/stm32cubeide/plugins/com.st.stm32cube.ide.mcu.externaltools.gnu-tools-for-stm32.7-2018-q2-update.win32_1.4.0.202007081208/tools/bin/../lib/gcc/arm-none-eabi/7.3.1/thumb/v7-m/crtn.o
                0x000000002000c000                _estack = (ORIGIN (RAM) + LENGTH (RAM))
                0x0000000000000200                _Min_Heap_Size = 0x200
                0x0000000000000400                _Min_Stack_Size = 0x400

.isr_vector     0x0000000008000000      0x1e4
                0x0000000008000000                . = ALIGN (0x4)
 *(.isr_vector)
 .isr_vector    0x0000000008000000      0x1e4 Core/Startup/startup_stm32f103rctx.o
                0x0000000008000000                g_pfnVectors
                0x00000000080001e4                . = ALIGN (0x4)

.text           0x00000000080001e4     0x296c
                0x00000000080001e4                . = ALIGN (0x4)
 *(.text)
 .text          0x00000000080001e4       0x40 c:/st/stm32cubeide_1.4.0/stm32cubeide/plugins/com.st.stm32cube.ide.mcu.externaltools.gnu-tools-for-stm32.7-2018-q2-update.win32_1.4.0.202007081208/tools/bin/../lib/gcc/arm-none-eabi/7.3.1/thumb/v7-m/crtbegin.o
 *(.text*)
 .text.MX_DMA_Init
                0x0000000008000224       0x3c Core/Src/dma.o
                0x0000000008000224                MX_DMA_Init
 .text.MX_GPIO_Init
                0x0000000008000260       0x74 Core/Src/gpio.o
                0x0000000008000260                MX_GPIO_Init
 .text.main     0x00000000080002d4       0x40 Core/Src/main.o
                0x00000000080002d4                main
 .text.SystemClock_Config
                0x0000000008000314       0x8e Core/Src/main.o
                0x0000000008000314                SystemClock_Config
 *fill*         0x00000000080003a2        0x2 
 .text.HAL_TIM_PeriodElapsedCallback
                0x00000000080003a4       0x24 Core/Src/main.o
                0x00000000080003a4                HAL_TIM_PeriodElapsedCallback
 .text.Error_Handler
                0x00000000080003c8        0xc Core/Src/main.o
                0x00000000080003c8                Error_Handler
 .text.HAL_MspInit
                0x00000000080003d4       0x64 Core/Src/stm32f1xx_hal_msp.o
                0x00000000080003d4                HAL_MspInit
 .text.HAL_InitTick
                0x0000000008000438       0xb0 Core/Src/stm32f1xx_hal_timebase_tim.o
                0x0000000008000438                HAL_InitTick
 .text.NMI_Handler
                0x00000000080004e8        0xc Core/Src/stm32f1xx_it.o
                0x00000000080004e8                NMI_Handler
 .text.HardFault_Handler
                0x00000000080004f4        0x6 Core/Src/stm32f1xx_it.o
                0x00000000080004f4                HardFault_Handler
 .text.MemManage_Handler
                0x00000000080004fa        0x6 Core/Src/stm32f1xx_it.o
                0x00000000080004fa                MemManage_Handler
 .text.BusFault_Handler
                0x0000000008000500        0x6 Core/Src/stm32f1xx_it.o
                0x0000000008000500                BusFault_Handler
 .text.UsageFault_Handler
                0x0000000008000506        0x6 Core/Src/stm32f1xx_it.o
                0x0000000008000506                UsageFault_Handler
 .text.SVC_Handler
                0x000000000800050c        0xc Core/Src/stm32f1xx_it.o
                0x000000000800050c                SVC_Handler
 .text.DebugMon_Handler
                0x0000000008000518        0xc Core/Src/stm32f1xx_it.o
                0x0000000008000518                DebugMon_Handler
 .text.PendSV_Handler
                0x0000000008000524        0xc Core/Src/stm32f1xx_it.o
                0x0000000008000524                PendSV_Handler
 .text.SysTick_Handler
                0x0000000008000530        0xc Core/Src/stm32f1xx_it.o
                0x0000000008000530                SysTick_Handler
 .text.DMA1_Channel5_IRQHandler
                0x000000000800053c       0x14 Core/Src/stm32f1xx_it.o
                0x000000000800053c                DMA1_Channel5_IRQHandler
 .text.USART1_IRQHandler
                0x0000000008000550       0x14 Core/Src/stm32f1xx_it.o
                0x0000000008000550                USART1_IRQHandler
 .text.TIM7_IRQHandler
                0x0000000008000564       0x14 Core/Src/stm32f1xx_it.o
                0x0000000008000564                TIM7_IRQHandler
 .text.SystemInit
                0x0000000008000578        0xc Core/Src/system_stm32f1xx.o
                0x0000000008000578                SystemInit
 .text.MX_USART1_UART_Init
                0x0000000008000584       0x54 Core/Src/usart.o
                0x0000000008000584                MX_USART1_UART_Init
 .text.HAL_UART_MspInit
                0x00000000080005d8       0xfc Core/Src/usart.o
                0x00000000080005d8                HAL_UART_MspInit
 .text.Reset_Handler
                0x00000000080006d4       0x48 Core/Startup/startup_stm32f103rctx.o
                0x00000000080006d4                Reset_Handler
 .text.Default_Handler
                0x000000000800071c        0x2 Core/Startup/startup_stm32f103rctx.o
                0x000000000800071c                RTC_Alarm_IRQHandler
                0x000000000800071c                EXTI2_IRQHandler
                0x000000000800071c                TIM8_TRG_COM_IRQHandler
                0x000000000800071c                TIM8_CC_IRQHandler
                0x000000000800071c                TIM1_CC_IRQHandler
                0x000000000800071c                TIM6_IRQHandler
                0x000000000800071c                PVD_IRQHandler
                0x000000000800071c                SDIO_IRQHandler
                0x000000000800071c                EXTI3_IRQHandler
                0x000000000800071c                EXTI0_IRQHandler
                0x000000000800071c                I2C2_EV_IRQHandler
                0x000000000800071c                ADC1_2_IRQHandler
                0x000000000800071c                SPI1_IRQHandler
                0x000000000800071c                TAMPER_IRQHandler
                0x000000000800071c                TIM8_UP_IRQHandler
                0x000000000800071c                DMA2_Channel2_IRQHandler
                0x000000000800071c                DMA1_Channel4_IRQHandler
                0x000000000800071c                USART3_IRQHandler
                0x000000000800071c                RTC_IRQHandler
                0x000000000800071c                DMA1_Channel7_IRQHandler
                0x000000000800071c                CAN1_RX1_IRQHandler
                0x000000000800071c                UART5_IRQHandler
                0x000000000800071c                ADC3_IRQHandler
                0x000000000800071c                TIM4_IRQHandler
                0x000000000800071c                DMA2_Channel1_IRQHandler
                0x000000000800071c                I2C1_EV_IRQHandler
                0x000000000800071c                DMA1_Channel6_IRQHandler
                0x000000000800071c                UART4_IRQHandler
                0x000000000800071c                TIM3_IRQHandler
                0x000000000800071c                RCC_IRQHandler
                0x000000000800071c                TIM1_TRG_COM_IRQHandler
                0x000000000800071c                DMA1_Channel1_IRQHandler
                0x000000000800071c                Default_Handler
                0x000000000800071c                EXTI15_10_IRQHandler
                0x000000000800071c                TIM5_IRQHandler
                0x000000000800071c                EXTI9_5_IRQHandler
                0x000000000800071c                SPI2_IRQHandler
                0x000000000800071c                EXTI4_IRQHandler
                0x000000000800071c                USB_LP_CAN1_RX0_IRQHandler
                0x000000000800071c                USB_HP_CAN1_TX_IRQHandler
                0x000000000800071c                DMA1_Channel3_IRQHandler
                0x000000000800071c                FSMC_IRQHandler
                0x000000000800071c                TIM1_UP_IRQHandler
                0x000000000800071c                WWDG_IRQHandler
                0x000000000800071c                TIM2_IRQHandler
                0x000000000800071c                TIM1_BRK_IRQHandler
                0x000000000800071c                EXTI1_IRQHandler
                0x000000000800071c                DMA2_Channel4_5_IRQHandler
                0x000000000800071c                USART2_IRQHandler
                0x000000000800071c                I2C2_ER_IRQHandler
                0x000000000800071c                DMA1_Channel2_IRQHandler
                0x000000000800071c                TIM8_BRK_IRQHandler
                0x000000000800071c                CAN1_SCE_IRQHandler
                0x000000000800071c                FLASH_IRQHandler
                0x000000000800071c                SPI3_IRQHandler
                0x000000000800071c                I2C1_ER_IRQHandler
                0x000000000800071c                USBWakeUp_IRQHandler
                0x000000000800071c                DMA2_Channel3_IRQHandler
 *fill*         0x000000000800071e        0x2 
 .text.HAL_Init
                0x0000000008000720       0x2c Drivers/STM32F1xx_HAL_Driver/Src/stm32f1xx_hal.o
                0x0000000008000720                HAL_Init
 .text.HAL_IncTick
                0x000000000800074c       0x24 Drivers/STM32F1xx_HAL_Driver/Src/stm32f1xx_hal.o
                0x000000000800074c                HAL_IncTick
 .text.HAL_GetTick
                0x0000000008000770       0x14 Drivers/STM32F1xx_HAL_Driver/Src/stm32f1xx_hal.o
                0x0000000008000770                HAL_GetTick
 .text.__NVIC_SetPriorityGrouping
                0x0000000008000784       0x48 Drivers/STM32F1xx_HAL_Driver/Src/stm32f1xx_hal_cortex.o
 .text.__NVIC_GetPriorityGrouping
                0x00000000080007cc       0x1c Drivers/STM32F1xx_HAL_Driver/Src/stm32f1xx_hal_cortex.o
 .text.__NVIC_EnableIRQ
                0x00000000080007e8       0x38 Drivers/STM32F1xx_HAL_Driver/Src/stm32f1xx_hal_cortex.o
 .text.__NVIC_SetPriority
                0x0000000008000820       0x54 Drivers/STM32F1xx_HAL_Driver/Src/stm32f1xx_hal_cortex.o
 .text.NVIC_EncodePriority
                0x0000000008000874       0x64 Drivers/STM32F1xx_HAL_Driver/Src/stm32f1xx_hal_cortex.o
 .text.HAL_NVIC_SetPriorityGrouping
                0x00000000080008d8       0x16 Drivers/STM32F1xx_HAL_Driver/Src/stm32f1xx_hal_cortex.o
                0x00000000080008d8                HAL_NVIC_SetPriorityGrouping
 .text.HAL_NVIC_SetPriority
                0x00000000080008ee       0x38 Drivers/STM32F1xx_HAL_Driver/Src/stm32f1xx_hal_cortex.o
                0x00000000080008ee                HAL_NVIC_SetPriority
 .text.HAL_NVIC_EnableIRQ
                0x0000000008000926       0x1c Drivers/STM32F1xx_HAL_Driver/Src/stm32f1xx_hal_cortex.o
                0x0000000008000926                HAL_NVIC_EnableIRQ
 *fill*         0x0000000008000942        0x2 
 .text.HAL_DMA_Init
                0x0000000008000944       0xec Drivers/STM32F1xx_HAL_Driver/Src/stm32f1xx_hal_dma.o
                0x0000000008000944                HAL_DMA_Init
 .text.HAL_DMA_Start_IT
                0x0000000008000a30       0xbe Drivers/STM32F1xx_HAL_Driver/Src/stm32f1xx_hal_dma.o
                0x0000000008000a30                HAL_DMA_Start_IT
 *fill*         0x0000000008000aee        0x2 
 .text.HAL_DMA_Abort_IT
                0x0000000008000af0      0x210 Drivers/STM32F1xx_HAL_Driver/Src/stm32f1xx_hal_dma.o
                0x0000000008000af0                HAL_DMA_Abort_IT
 .text.HAL_DMA_IRQHandler
                0x0000000008000d00      0x478 Drivers/STM32F1xx_HAL_Driver/Src/stm32f1xx_hal_dma.o
                0x0000000008000d00                HAL_DMA_IRQHandler
 .text.DMA_SetConfig
                0x0000000008001178       0x5a Drivers/STM32F1xx_HAL_Driver/Src/stm32f1xx_hal_dma.o
 *fill*         0x00000000080011d2        0x2 
 .text.HAL_GPIO_Init
                0x00000000080011d4      0x2d4 Drivers/STM32F1xx_HAL_Driver/Src/stm32f1xx_hal_gpio.o
                0x00000000080011d4                HAL_GPIO_Init
 .text.HAL_RCC_OscConfig
                0x00000000080014a8      0x500 Drivers/STM32F1xx_HAL_Driver/Src/stm32f1xx_hal_rcc.o
                0x00000000080014a8                HAL_RCC_OscConfig
 .text.HAL_RCC_ClockConfig
                0x00000000080019a8      0x1d4 Drivers/STM32F1xx_HAL_Driver/Src/stm32f1xx_hal_rcc.o
                0x00000000080019a8                HAL_RCC_ClockConfig
 .text.HAL_RCC_EnableCSS
                0x0000000008001b7c       0x18 Drivers/STM32F1xx_HAL_Driver/Src/stm32f1xx_hal_rcc.o
                0x0000000008001b7c                HAL_RCC_EnableCSS
 .text.HAL_RCC_GetSysClockFreq
                0x0000000008001b94       0xc4 Drivers/STM32F1xx_HAL_Driver/Src/stm32f1xx_hal_rcc.o
                0x0000000008001b94                HAL_RCC_GetSysClockFreq
 .text.HAL_RCC_GetHCLKFreq
                0x0000000008001c58       0x14 Drivers/STM32F1xx_HAL_Driver/Src/stm32f1xx_hal_rcc.o
                0x0000000008001c58                HAL_RCC_GetHCLKFreq
 .text.HAL_RCC_GetPCLK1Freq
                0x0000000008001c6c       0x28 Drivers/STM32F1xx_HAL_Driver/Src/stm32f1xx_hal_rcc.o
                0x0000000008001c6c                HAL_RCC_GetPCLK1Freq
 .text.HAL_RCC_GetPCLK2Freq
                0x0000000008001c94       0x28 Drivers/STM32F1xx_HAL_Driver/Src/stm32f1xx_hal_rcc.o
                0x0000000008001c94                HAL_RCC_GetPCLK2Freq
 .text.HAL_RCC_GetClockConfig
                0x0000000008001cbc       0x60 Drivers/STM32F1xx_HAL_Driver/Src/stm32f1xx_hal_rcc.o
                0x0000000008001cbc                HAL_RCC_GetClockConfig
 .text.HAL_RCC_NMI_IRQHandler
                0x0000000008001d1c       0x28 Drivers/STM32F1xx_HAL_Driver/Src/stm32f1xx_hal_rcc.o
                0x0000000008001d1c                HAL_RCC_NMI_IRQHandler
 .text.RCC_Delay
                0x0000000008001d44       0x3c Drivers/STM32F1xx_HAL_Driver/Src/stm32f1xx_hal_rcc.o
 .text.HAL_RCC_CSSCallback
                0x0000000008001d80        0xc Drivers/STM32F1xx_HAL_Driver/Src/stm32f1xx_hal_rcc.o
                0x0000000008001d80                HAL_RCC_CSSCallback
 .text.HAL_TIM_Base_Init
                0x0000000008001d8c       0x9e Drivers/STM32F1xx_HAL_Driver/Src/stm32f1xx_hal_tim.o
                0x0000000008001d8c                HAL_TIM_Base_Init
 .text.HAL_TIM_Base_MspInit
                0x0000000008001e2a       0x12 Drivers/STM32F1xx_HAL_Driver/Src/stm32f1xx_hal_tim.o
                0x0000000008001e2a                HAL_TIM_Base_MspInit
 .text.HAL_TIM_Base_Start_IT
                0x0000000008001e3c       0xc0 Drivers/STM32F1xx_HAL_Driver/Src/stm32f1xx_hal_tim.o
                0x0000000008001e3c                HAL_TIM_Base_Start_IT
 .text.HAL_TIM_IRQHandler
                0x0000000008001efc      0x210 Drivers/STM32F1xx_HAL_Driver/Src/stm32f1xx_hal_tim.o
                0x0000000008001efc                HAL_TIM_IRQHandler
 .text.HAL_TIM_OC_DelayElapsedCallback
                0x000000000800210c       0x12 Drivers/STM32F1xx_HAL_Driver/Src/stm32f1xx_hal_tim.o
                0x000000000800210c                HAL_TIM_OC_DelayElapsedCallback
 .text.HAL_TIM_IC_CaptureCallback
                0x000000000800211e       0x12 Drivers/STM32F1xx_HAL_Driver/Src/stm32f1xx_hal_tim.o
                0x000000000800211e                HAL_TIM_IC_CaptureCallback
 .text.HAL_TIM_PWM_PulseFinishedCallback
                0x0000000008002130       0x12 Drivers/STM32F1xx_HAL_Driver/Src/stm32f1xx_hal_tim.o
                0x0000000008002130                HAL_TIM_PWM_PulseFinishedCallback
 .text.HAL_TIM_TriggerCallback
                0x0000000008002142       0x12 Drivers/STM32F1xx_HAL_Driver/Src/stm32f1xx_hal_tim.o
                0x0000000008002142                HAL_TIM_TriggerCallback
 .text.TIM_Base_SetConfig
                0x0000000008002154       0xf4 Drivers/STM32F1xx_HAL_Driver/Src/stm32f1xx_hal_tim.o
                0x0000000008002154                TIM_Base_SetConfig
 .text.HAL_TIMEx_CommutCallback
                0x0000000008002248       0x12 Drivers/STM32F1xx_HAL_Driver/Src/stm32f1xx_hal_tim_ex.o
                0x0000000008002248                HAL_TIMEx_CommutCallback
 .text.HAL_TIMEx_BreakCallback
                0x000000000800225a       0x12 Drivers/STM32F1xx_HAL_Driver/Src/stm32f1xx_hal_tim_ex.o
                0x000000000800225a                HAL_TIMEx_BreakCallback
 .text.HAL_UART_Init
                0x000000000800226c       0x9a Drivers/STM32F1xx_HAL_Driver/Src/stm32f1xx_hal_uart.o
                0x000000000800226c                HAL_UART_Init
 *fill*         0x0000000008002306        0x2 
 .text.HAL_UART_Receive_DMA
                0x0000000008002308      0x100 Drivers/STM32F1xx_HAL_Driver/Src/stm32f1xx_hal_uart.o
                0x0000000008002308                HAL_UART_Receive_DMA
 .text.HAL_UART_IRQHandler
                0x0000000008002408      0x200 Drivers/STM32F1xx_HAL_Driver/Src/stm32f1xx_hal_uart.o
                0x0000000008002408                HAL_UART_IRQHandler
 .text.HAL_UART_TxCpltCallback
                0x0000000008002608       0x12 Drivers/STM32F1xx_HAL_Driver/Src/stm32f1xx_hal_uart.o
                0x0000000008002608                HAL_UART_TxCpltCallback
 .text.HAL_UART_RxCpltCallback
                0x000000000800261a       0x12 Drivers/STM32F1xx_HAL_Driver/Src/stm32f1xx_hal_uart.o
                0x000000000800261a                HAL_UART_RxCpltCallback
 .text.HAL_UART_RxHalfCpltCallback
                0x000000000800262c       0x12 Drivers/STM32F1xx_HAL_Driver/Src/stm32f1xx_hal_uart.o
                0x000000000800262c                HAL_UART_RxHalfCpltCallback
 .text.HAL_UART_ErrorCallback
                0x000000000800263e       0x12 Drivers/STM32F1xx_HAL_Driver/Src/stm32f1xx_hal_uart.o
                0x000000000800263e                HAL_UART_ErrorCallback
 .text.UART_DMAReceiveCplt
                0x0000000008002650       0x68 Drivers/STM32F1xx_HAL_Driver/Src/stm32f1xx_hal_uart.o
 .text.UART_DMARxHalfCplt
                0x00000000080026b8       0x1c Drivers/STM32F1xx_HAL_Driver/Src/stm32f1xx_hal_uart.o
 .text.UART_DMAError
                0x00000000080026d4       0x94 Drivers/STM32F1xx_HAL_Driver/Src/stm32f1xx_hal_uart.o
 .text.UART_EndTxTransfer
                0x0000000008002768       0x2a Drivers/STM32F1xx_HAL_Driver/Src/stm32f1xx_hal_uart.o
 .text.UART_EndRxTransfer
                0x0000000008002792       0x3a Drivers/STM32F1xx_HAL_Driver/Src/stm32f1xx_hal_uart.o
 .text.UART_DMAAbortOnError
                0x00000000080027cc       0x28 Drivers/STM32F1xx_HAL_Driver/Src/stm32f1xx_hal_uart.o
 .text.UART_Transmit_IT
                0x00000000080027f4       0x9e Drivers/STM32F1xx_HAL_Driver/Src/stm32f1xx_hal_uart.o
 .text.UART_EndTransmit_IT
                0x0000000008002892       0x30 Drivers/STM32F1xx_HAL_Driver/Src/stm32f1xx_hal_uart.o
 .text.UART_Receive_IT
                0x00000000080028c2      0x100 Drivers/STM32F1xx_HAL_Driver/Src/stm32f1xx_hal_uart.o
 *fill*         0x00000000080029c2        0x2 
 .text.UART_SetConfig
                0x00000000080029c4      0x11c Drivers/STM32F1xx_HAL_Driver/Src/stm32f1xx_hal_uart.o
 .text.__libc_init_array
                0x0000000008002ae0       0x48 c:/st/stm32cubeide_1.4.0/stm32cubeide/plugins/com.st.stm32cube.ide.mcu.externaltools.gnu-tools-for-stm32.7-2018-q2-update.win32_1.4.0.202007081208/tools/bin/../lib/gcc/arm-none-eabi/7.3.1/../../../../arm-none-eabi/lib/thumb/v7-m\libc_nano.a(lib_a-init.o)
                0x0000000008002ae0                __libc_init_array
 .text.memset   0x0000000008002b28       0x10 c:/st/stm32cubeide_1.4.0/stm32cubeide/plugins/com.st.stm32cube.ide.mcu.externaltools.gnu-tools-for-stm32.7-2018-q2-update.win32_1.4.0.202007081208/tools/bin/../lib/gcc/arm-none-eabi/7.3.1/../../../../arm-none-eabi/lib/thumb/v7-m\libc_nano.a(lib_a-memset.o)
                0x0000000008002b28                memset
 *(.glue_7)
 .glue_7        0x0000000008002b38        0x0 linker stubs
 *(.glue_7t)
 .glue_7t       0x0000000008002b38        0x0 linker stubs
 *(.eh_frame)
 .eh_frame      0x0000000008002b38        0x0 c:/st/stm32cubeide_1.4.0/stm32cubeide/plugins/com.st.stm32cube.ide.mcu.externaltools.gnu-tools-for-stm32.7-2018-q2-update.win32_1.4.0.202007081208/tools/bin/../lib/gcc/arm-none-eabi/7.3.1/thumb/v7-m/crtbegin.o
 *(.init)
 .init          0x0000000008002b38        0x4 c:/st/stm32cubeide_1.4.0/stm32cubeide/plugins/com.st.stm32cube.ide.mcu.externaltools.gnu-tools-for-stm32.7-2018-q2-update.win32_1.4.0.202007081208/tools/bin/../lib/gcc/arm-none-eabi/7.3.1/thumb/v7-m/crti.o
                0x0000000008002b38                _init
 .init          0x0000000008002b3c        0x8 c:/st/stm32cubeide_1.4.0/stm32cubeide/plugins/com.st.stm32cube.ide.mcu.externaltools.gnu-tools-for-stm32.7-2018-q2-update.win32_1.4.0.202007081208/tools/bin/../lib/gcc/arm-none-eabi/7.3.1/thumb/v7-m/crtn.o
 *(.fini)
 .fini          0x0000000008002b44        0x4 c:/st/stm32cubeide_1.4.0/stm32cubeide/plugins/com.st.stm32cube.ide.mcu.externaltools.gnu-tools-for-stm32.7-2018-q2-update.win32_1.4.0.202007081208/tools/bin/../lib/gcc/arm-none-eabi/7.3.1/thumb/v7-m/crti.o
                0x0000000008002b44                _fini
 .fini          0x0000000008002b48        0x8 c:/st/stm32cubeide_1.4.0/stm32cubeide/plugins/com.st.stm32cube.ide.mcu.externaltools.gnu-tools-for-stm32.7-2018-q2-update.win32_1.4.0.202007081208/tools/bin/../lib/gcc/arm-none-eabi/7.3.1/thumb/v7-m/crtn.o
                0x0000000008002b50                . = ALIGN (0x4)
                0x0000000008002b50                _etext = .

.vfp11_veneer   0x0000000008002b50        0x0
 .vfp11_veneer  0x0000000008002b50        0x0 linker stubs

.v4_bx          0x0000000008002b50        0x0
 .v4_bx         0x0000000008002b50        0x0 linker stubs

.iplt           0x0000000008002b50        0x0
 .iplt          0x0000000008002b50        0x0 c:/st/stm32cubeide_1.4.0/stm32cubeide/plugins/com.st.stm32cube.ide.mcu.externaltools.gnu-tools-for-stm32.7-2018-q2-update.win32_1.4.0.202007081208/tools/bin/../lib/gcc/arm-none-eabi/7.3.1/thumb/v7-m/crtbegin.o

.rodata         0x0000000008002b50       0x2c
                0x0000000008002b50                . = ALIGN (0x4)
 *(.rodata)
 .rodata        0x0000000008002b50       0x12 Drivers/STM32F1xx_HAL_Driver/Src/stm32f1xx_hal_rcc.o
 *(.rodata*)
 *fill*         0x0000000008002b62        0x2 
 .rodata.AHBPrescTable
                0x0000000008002b64       0x10 Core/Src/system_stm32f1xx.o
                0x0000000008002b64                AHBPrescTable
 .rodata.APBPrescTable
                0x0000000008002b74        0x8 Core/Src/system_stm32f1xx.o
                0x0000000008002b74                APBPrescTable
                0x0000000008002b7c                . = ALIGN (0x4)

.rel.dyn        0x0000000008002b7c        0x0
 .rel.iplt      0x0000000008002b7c        0x0 c:/st/stm32cubeide_1.4.0/stm32cubeide/plugins/com.st.stm32cube.ide.mcu.externaltools.gnu-tools-for-stm32.7-2018-q2-update.win32_1.4.0.202007081208/tools/bin/../lib/gcc/arm-none-eabi/7.3.1/thumb/v7-m/crtbegin.o

.ARM.extab      0x0000000008002b7c        0x0
                0x0000000008002b7c                . = ALIGN (0x4)
 *(.ARM.extab* .gnu.linkonce.armextab.*)
                0x0000000008002b7c                . = ALIGN (0x4)

.ARM            0x0000000008002b7c        0x0
                0x0000000008002b7c                . = ALIGN (0x4)
                0x0000000008002b7c                __exidx_start = .
 *(.ARM.exidx*)
                0x0000000008002b7c                __exidx_end = .
                0x0000000008002b7c                . = ALIGN (0x4)

.preinit_array  0x0000000008002b7c        0x0
                0x0000000008002b7c                . = ALIGN (0x4)
                0x0000000008002b7c                PROVIDE (__preinit_array_start = .)
 *(.preinit_array*)
                0x0000000008002b7c                PROVIDE (__preinit_array_end = .)
                0x0000000008002b7c                . = ALIGN (0x4)

.init_array     0x0000000008002b7c        0x4
                0x0000000008002b7c                . = ALIGN (0x4)
                0x0000000008002b7c                PROVIDE (__init_array_start = .)
 *(SORT_BY_NAME(.init_array.*))
 *(.init_array*)
 .init_array    0x0000000008002b7c        0x4 c:/st/stm32cubeide_1.4.0/stm32cubeide/plugins/com.st.stm32cube.ide.mcu.externaltools.gnu-tools-for-stm32.7-2018-q2-update.win32_1.4.0.202007081208/tools/bin/../lib/gcc/arm-none-eabi/7.3.1/thumb/v7-m/crtbegin.o
                0x0000000008002b80                PROVIDE (__init_array_end = .)
                0x0000000008002b80                . = ALIGN (0x4)

.fini_array     0x0000000008002b80        0x4
                0x0000000008002b80                . = ALIGN (0x4)
                [!provide]                        PROVIDE (__fini_array_start = .)
 *(SORT_BY_NAME(.fini_array.*))
 *(.fini_array*)
 .fini_array    0x0000000008002b80        0x4 c:/st/stm32cubeide_1.4.0/stm32cubeide/plugins/com.st.stm32cube.ide.mcu.externaltools.gnu-tools-for-stm32.7-2018-q2-update.win32_1.4.0.202007081208/tools/bin/../lib/gcc/arm-none-eabi/7.3.1/thumb/v7-m/crtbegin.o
                [!provide]                        PROVIDE (__fini_array_end = .)
                0x0000000008002b84                . = ALIGN (0x4)
                0x0000000008002b84                _sidata = LOADADDR (.data)

.data           0x0000000020000000        0xc load address 0x0000000008002b84
                0x0000000020000000                . = ALIGN (0x4)
                0x0000000020000000                _sdata = .
 *(.data)
 *(.data*)
 .data.SystemCoreClock
                0x0000000020000000        0x4 Core/Src/system_stm32f1xx.o
                0x0000000020000000                SystemCoreClock
 .data.uwTickPrio
                0x0000000020000004        0x4 Drivers/STM32F1xx_HAL_Driver/Src/stm32f1xx_hal.o
                0x0000000020000004                uwTickPrio
 .data.uwTickFreq
                0x0000000020000008        0x1 Drivers/STM32F1xx_HAL_Driver/Src/stm32f1xx_hal.o
                0x0000000020000008                uwTickFreq
                0x000000002000000c                . = ALIGN (0x4)
 *fill*         0x0000000020000009        0x3 
                0x000000002000000c                _edata = .

.igot.plt       0x000000002000000c        0x0 load address 0x0000000008002b90
 .igot.plt      0x000000002000000c        0x0 c:/st/stm32cubeide_1.4.0/stm32cubeide/plugins/com.st.stm32cube.ide.mcu.externaltools.gnu-tools-for-stm32.7-2018-q2-update.win32_1.4.0.202007081208/tools/bin/../lib/gcc/arm-none-eabi/7.3.1/thumb/v7-m/crtbegin.o
                0x000000002000000c                . = ALIGN (0x4)

.bss            0x000000002000000c      0x1ec load address 0x0000000008002b90
                0x000000002000000c                _sbss = .
                0x000000002000000c                __bss_start__ = _sbss
 *(.bss)
 .bss           0x000000002000000c       0x1c c:/st/stm32cubeide_1.4.0/stm32cubeide/plugins/com.st.stm32cube.ide.mcu.externaltools.gnu-tools-for-stm32.7-2018-q2-update.win32_1.4.0.202007081208/tools/bin/../lib/gcc/arm-none-eabi/7.3.1/thumb/v7-m/crtbegin.o
 *(.bss*)
 *(COMMON)
 COMMON         0x0000000020000028       0x48 Core/Src/stm32f1xx_hal_timebase_tim.o
                0x0000000020000028                htim7
 COMMON         0x0000000020000070      0x184 Core/Src/usart.o
                0x0000000020000070                USART1_RxBuff
                0x0000000020000170                hdma_usart1_rx
                0x00000000200001b4                huart1
 COMMON         0x00000000200001f4        0x4 Drivers/STM32F1xx_HAL_Driver/Src/stm32f1xx_hal.o
                0x00000000200001f4                uwTick
                0x00000000200001f8                . = ALIGN (0x4)
                0x00000000200001f8                _ebss = .
                0x00000000200001f8                __bss_end__ = _ebss

._user_heap_stack
                0x00000000200001f8      0x600 load address 0x0000000008002b90
                0x00000000200001f8                . = ALIGN (0x8)
                [!provide]                        PROVIDE (end = .)
                0x00000000200001f8                PROVIDE (_end = .)
                0x00000000200003f8                . = (. + _Min_Heap_Size)
 *fill*         0x00000000200001f8      0x200 
                0x00000000200007f8                . = (. + _Min_Stack_Size)
 *fill*         0x00000000200003f8      0x400 
                0x00000000200007f8                . = ALIGN (0x8)

/DISCARD/
 libc.a(*)
 libm.a(*)
 libgcc.a(*)

.ARM.attributes
                0x0000000000000000       0x29
 *(.ARM.attributes)
 .ARM.attributes
                0x0000000000000000       0x1d c:/st/stm32cubeide_1.4.0/stm32cubeide/plugins/com.st.stm32cube.ide.mcu.externaltools.gnu-tools-for-stm32.7-2018-q2-update.win32_1.4.0.202007081208/tools/bin/../lib/gcc/arm-none-eabi/7.3.1/thumb/v7-m/crti.o
 .ARM.attributes
                0x000000000000001d       0x2d c:/st/stm32cubeide_1.4.0/stm32cubeide/plugins/com.st.stm32cube.ide.mcu.externaltools.gnu-tools-for-stm32.7-2018-q2-update.win32_1.4.0.202007081208/tools/bin/../lib/gcc/arm-none-eabi/7.3.1/thumb/v7-m/crtbegin.o
 .ARM.attributes
                0x000000000000004a       0x33 Core/Src/dma.o
 .ARM.attributes
                0x000000000000007d       0x33 Core/Src/gpio.o
 .ARM.attributes
                0x00000000000000b0       0x33 Core/Src/main.o
 .ARM.attributes
                0x00000000000000e3       0x33 Core/Src/stm32f1xx_hal_msp.o
 .ARM.attributes
                0x0000000000000116       0x33 Core/Src/stm32f1xx_hal_timebase_tim.o
 .ARM.attributes
                0x0000000000000149       0x33 Core/Src/stm32f1xx_it.o
 .ARM.attributes
                0x000000000000017c       0x33 Core/Src/system_stm32f1xx.o
 .ARM.attributes
                0x00000000000001af       0x33 Core/Src/usart.o
 .ARM.attributes
                0x00000000000001e2       0x21 Core/Startup/startup_stm32f103rctx.o
 .ARM.attributes
                0x0000000000000203       0x33 Drivers/STM32F1xx_HAL_Driver/Src/stm32f1xx_hal.o
 .ARM.attributes
                0x0000000000000236       0x33 Drivers/STM32F1xx_HAL_Driver/Src/stm32f1xx_hal_cortex.o
 .ARM.attributes
                0x0000000000000269       0x33 Drivers/STM32F1xx_HAL_Driver/Src/stm32f1xx_hal_dma.o
 .ARM.attributes
                0x000000000000029c       0x33 Drivers/STM32F1xx_HAL_Driver/Src/stm32f1xx_hal_gpio.o
 .ARM.attributes
                0x00000000000002cf       0x33 Drivers/STM32F1xx_HAL_Driver/Src/stm32f1xx_hal_rcc.o
 .ARM.attributes
                0x0000000000000302       0x33 Drivers/STM32F1xx_HAL_Driver/Src/stm32f1xx_hal_tim.o
 .ARM.attributes
                0x0000000000000335       0x33 Drivers/STM32F1xx_HAL_Driver/Src/stm32f1xx_hal_tim_ex.o
 .ARM.attributes
                0x0000000000000368       0x33 Drivers/STM32F1xx_HAL_Driver/Src/stm32f1xx_hal_uart.o
 .ARM.attributes
                0x000000000000039b       0x2d c:/st/stm32cubeide_1.4.0/stm32cubeide/plugins/com.st.stm32cube.ide.mcu.externaltools.gnu-tools-for-stm32.7-2018-q2-update.win32_1.4.0.202007081208/tools/bin/../lib/gcc/arm-none-eabi/7.3.1/../../../../arm-none-eabi/lib/thumb/v7-m\libc_nano.a(lib_a-init.o)
 .ARM.attributes
                0x00000000000003c8       0x2d c:/st/stm32cubeide_1.4.0/stm32cubeide/plugins/com.st.stm32cube.ide.mcu.externaltools.gnu-tools-for-stm32.7-2018-q2-update.win32_1.4.0.202007081208/tools/bin/../lib/gcc/arm-none-eabi/7.3.1/../../../../arm-none-eabi/lib/thumb/v7-m\libc_nano.a(lib_a-memset.o)
 .ARM.attributes
                0x00000000000003f5       0x1d c:/st/stm32cubeide_1.4.0/stm32cubeide/plugins/com.st.stm32cube.ide.mcu.externaltools.gnu-tools-for-stm32.7-2018-q2-update.win32_1.4.0.202007081208/tools/bin/../lib/gcc/arm-none-eabi/7.3.1/thumb/v7-m/crtn.o
OUTPUT(USART_demo.elf elf32-littlearm)

.debug_info     0x0000000000000000     0xbd8c
 .debug_info    0x0000000000000000      0x3de Core/Src/dma.o
 .debug_info    0x00000000000003de      0x286 Core/Src/gpio.o
 .debug_info    0x0000000000000664     0x12ad Core/Src/main.o
 .debug_info    0x0000000000001911      0x2d6 Core/Src/stm32f1xx_hal_msp.o
 .debug_info    0x0000000000001be7      0x9f9 Core/Src/stm32f1xx_hal_timebase_tim.o
 .debug_info    0x00000000000025e0      0x987 Core/Src/stm32f1xx_it.o
 .debug_info    0x0000000000002f67      0x29a Core/Src/system_stm32f1xx.o
 .debug_info    0x0000000000003201     0x1464 Core/Src/usart.o
 .debug_info    0x0000000000004665       0x22 Core/Startup/startup_stm32f103rctx.o
 .debug_info    0x0000000000004687      0x77a Drivers/STM32F1xx_HAL_Driver/Src/stm32f1xx_hal.o
 .debug_info    0x0000000000004e01      0xbb7 Drivers/STM32F1xx_HAL_Driver/Src/stm32f1xx_hal_cortex.o
 .debug_info    0x00000000000059b8      0x7b1 Drivers/STM32F1xx_HAL_Driver/Src/stm32f1xx_hal_dma.o
 .debug_info    0x0000000000006169      0x69b Drivers/STM32F1xx_HAL_Driver/Src/stm32f1xx_hal_gpio.o
 .debug_info    0x0000000000006804      0x80f Drivers/STM32F1xx_HAL_Driver/Src/stm32f1xx_hal_rcc.o
 .debug_info    0x0000000000007013     0x27ef Drivers/STM32F1xx_HAL_Driver/Src/stm32f1xx_hal_tim.o
 .debug_info    0x0000000000009802     0x136f Drivers/STM32F1xx_HAL_Driver/Src/stm32f1xx_hal_tim_ex.o
 .debug_info    0x000000000000ab71     0x121b Drivers/STM32F1xx_HAL_Driver/Src/stm32f1xx_hal_uart.o

.debug_abbrev   0x0000000000000000     0x1d3a
 .debug_abbrev  0x0000000000000000      0x107 Core/Src/dma.o
 .debug_abbrev  0x0000000000000107      0x109 Core/Src/gpio.o
 .debug_abbrev  0x0000000000000210      0x20a Core/Src/main.o
 .debug_abbrev  0x000000000000041a      0x109 Core/Src/stm32f1xx_hal_msp.o
 .debug_abbrev  0x0000000000000523      0x19d Core/Src/stm32f1xx_hal_timebase_tim.o
 .debug_abbrev  0x00000000000006c0      0x15a Core/Src/stm32f1xx_it.o
 .debug_abbrev  0x000000000000081a      0x134 Core/Src/system_stm32f1xx.o
 .debug_abbrev  0x000000000000094e      0x295 Core/Src/usart.o
 .debug_abbrev  0x0000000000000be3       0x12 Core/Startup/startup_stm32f103rctx.o
 .debug_abbrev  0x0000000000000bf5      0x1c7 Drivers/STM32F1xx_HAL_Driver/Src/stm32f1xx_hal.o
 .debug_abbrev  0x0000000000000dbc      0x2d5 Drivers/STM32F1xx_HAL_Driver/Src/stm32f1xx_hal_cortex.o
 .debug_abbrev  0x0000000000001091      0x1fe Drivers/STM32F1xx_HAL_Driver/Src/stm32f1xx_hal_dma.o
 .debug_abbrev  0x000000000000128f      0x1c0 Drivers/STM32F1xx_HAL_Driver/Src/stm32f1xx_hal_gpio.o
 .debug_abbrev  0x000000000000144f      0x243 Drivers/STM32F1xx_HAL_Driver/Src/stm32f1xx_hal_rcc.o
 .debug_abbrev  0x0000000000001692      0x230 Drivers/STM32F1xx_HAL_Driver/Src/stm32f1xx_hal_tim.o
 .debug_abbrev  0x00000000000018c2      0x236 Drivers/STM32F1xx_HAL_Driver/Src/stm32f1xx_hal_tim_ex.o
 .debug_abbrev  0x0000000000001af8      0x242 Drivers/STM32F1xx_HAL_Driver/Src/stm32f1xx_hal_uart.o

.debug_aranges  0x0000000000000000      0xc28
 .debug_aranges
                0x0000000000000000       0x20 Core/Src/dma.o
 .debug_aranges
                0x0000000000000020       0x20 Core/Src/gpio.o
 .debug_aranges
                0x0000000000000040       0x38 Core/Src/main.o
 .debug_aranges
                0x0000000000000078       0x20 Core/Src/stm32f1xx_hal_msp.o
 .debug_aranges
                0x0000000000000098       0x30 Core/Src/stm32f1xx_hal_timebase_tim.o
 .debug_aranges
                0x00000000000000c8       0x78 Core/Src/stm32f1xx_it.o
 .debug_aranges
                0x0000000000000140       0x28 Core/Src/system_stm32f1xx.o
 .debug_aranges
                0x0000000000000168       0x48 Core/Src/usart.o
 .debug_aranges
                0x00000000000001b0       0x28 Core/Startup/startup_stm32f103rctx.o
 .debug_aranges
                0x00000000000001d8       0xe0 Drivers/STM32F1xx_HAL_Driver/Src/stm32f1xx_hal.o
 .debug_aranges
                0x00000000000002b8      0x100 Drivers/STM32F1xx_HAL_Driver/Src/stm32f1xx_hal_cortex.o
 .debug_aranges
                0x00000000000003b8       0x80 Drivers/STM32F1xx_HAL_Driver/Src/stm32f1xx_hal_dma.o
 .debug_aranges
                0x0000000000000438       0x58 Drivers/STM32F1xx_HAL_Driver/Src/stm32f1xx_hal_gpio.o
 .debug_aranges
                0x0000000000000490       0x90 Drivers/STM32F1xx_HAL_Driver/Src/stm32f1xx_hal_rcc.o
 .debug_aranges
                0x0000000000000520      0x3d0 Drivers/STM32F1xx_HAL_Driver/Src/stm32f1xx_hal_tim.o
 .debug_aranges
                0x00000000000008f0      0x168 Drivers/STM32F1xx_HAL_Driver/Src/stm32f1xx_hal_tim_ex.o
 .debug_aranges
                0x0000000000000a58      0x1d0 Drivers/STM32F1xx_HAL_Driver/Src/stm32f1xx_hal_uart.o

.debug_ranges   0x0000000000000000      0xb20
 .debug_ranges  0x0000000000000000       0x10 Core/Src/dma.o
 .debug_ranges  0x0000000000000010       0x10 Core/Src/gpio.o
 .debug_ranges  0x0000000000000020       0x28 Core/Src/main.o
 .debug_ranges  0x0000000000000048       0x10 Core/Src/stm32f1xx_hal_msp.o
 .debug_ranges  0x0000000000000058       0x20 Core/Src/stm32f1xx_hal_timebase_tim.o
 .debug_ranges  0x0000000000000078       0x68 Core/Src/stm32f1xx_it.o
 .debug_ranges  0x00000000000000e0       0x18 Core/Src/system_stm32f1xx.o
 .debug_ranges  0x00000000000000f8       0x38 Core/Src/usart.o
 .debug_ranges  0x0000000000000130       0x20 Core/Startup/startup_stm32f103rctx.o
 .debug_ranges  0x0000000000000150       0xd0 Drivers/STM32F1xx_HAL_Driver/Src/stm32f1xx_hal.o
 .debug_ranges  0x0000000000000220       0xf0 Drivers/STM32F1xx_HAL_Driver/Src/stm32f1xx_hal_cortex.o
 .debug_ranges  0x0000000000000310       0x70 Drivers/STM32F1xx_HAL_Driver/Src/stm32f1xx_hal_dma.o
 .debug_ranges  0x0000000000000380       0x48 Drivers/STM32F1xx_HAL_Driver/Src/stm32f1xx_hal_gpio.o
 .debug_ranges  0x00000000000003c8       0x80 Drivers/STM32F1xx_HAL_Driver/Src/stm32f1xx_hal_rcc.o
 .debug_ranges  0x0000000000000448      0x3c0 Drivers/STM32F1xx_HAL_Driver/Src/stm32f1xx_hal_tim.o
 .debug_ranges  0x0000000000000808      0x158 Drivers/STM32F1xx_HAL_Driver/Src/stm32f1xx_hal_tim_ex.o
 .debug_ranges  0x0000000000000960      0x1c0 Drivers/STM32F1xx_HAL_Driver/Src/stm32f1xx_hal_uart.o

.debug_macro    0x0000000000000000    0x19d07
 .debug_macro   0x0000000000000000      0x1b7 Core/Src/dma.o
 .debug_macro   0x00000000000001b7      0xa5a Core/Src/dma.o
 .debug_macro   0x0000000000000c11      0x221 Core/Src/dma.o
 .debug_macro   0x0000000000000e32       0x2e Core/Src/dma.o
 .debug_macro   0x0000000000000e60       0x22 Core/Src/dma.o
 .debug_macro   0x0000000000000e82       0x22 Core/Src/dma.o
 .debug_macro   0x0000000000000ea4       0x8e Core/Src/dma.o
 .debug_macro   0x0000000000000f32       0x51 Core/Src/dma.o
 .debug_macro   0x0000000000000f83       0xef Core/Src/dma.o
 .debug_macro   0x0000000000001072       0x6a Core/Src/dma.o
 .debug_macro   0x00000000000010dc      0x1df Core/Src/dma.o
 .debug_macro   0x00000000000012bb       0x1c Core/Src/dma.o
 .debug_macro   0x00000000000012d7       0x22 Core/Src/dma.o
 .debug_macro   0x00000000000012f9       0xc3 Core/Src/dma.o
 .debug_macro   0x00000000000013bc      0xd23 Core/Src/dma.o
 .debug_macro   0x00000000000020df     0xfd85 Core/Src/dma.o
 .debug_macro   0x0000000000011e64       0x43 Core/Src/dma.o
 .debug_macro   0x0000000000011ea7     0x3468 Core/Src/dma.o
 .debug_macro   0x000000000001530f      0x174 Core/Src/dma.o
 .debug_macro   0x0000000000015483       0x5c Core/Src/dma.o
 .debug_macro   0x00000000000154df      0x5be Core/Src/dma.o
 .debug_macro   0x0000000000015a9d      0x4d5 Core/Src/dma.o
 .debug_macro   0x0000000000015f72      0x1cb Core/Src/dma.o
 .debug_macro   0x000000000001613d      0x114 Core/Src/dma.o
 .debug_macro   0x0000000000016251      0x1ea Core/Src/dma.o
 .debug_macro   0x000000000001643b       0x27 Core/Src/dma.o
 .debug_macro   0x0000000000016462      0x144 Core/Src/dma.o
 .debug_macro   0x00000000000165a6      0x1bc Core/Src/dma.o
 .debug_macro   0x0000000000016762       0x30 Core/Src/dma.o
 .debug_macro   0x0000000000016792       0x3c Core/Src/dma.o
 .debug_macro   0x00000000000167ce       0x57 Core/Src/dma.o
 .debug_macro   0x0000000000016825       0x88 Core/Src/dma.o
 .debug_macro   0x00000000000168ad      0x24f Core/Src/dma.o
 .debug_macro   0x0000000000016afc      0x141 Core/Src/dma.o
 .debug_macro   0x0000000000016c3d      0x8d1 Core/Src/dma.o
 .debug_macro   0x000000000001750e      0x26b Core/Src/dma.o
 .debug_macro   0x0000000000017779       0xb5 Core/Src/dma.o
 .debug_macro   0x000000000001782e      0x1b7 Core/Src/gpio.o
 .debug_macro   0x00000000000179e5      0x3ca Core/Src/main.o
 .debug_macro   0x0000000000017daf       0x46 Core/Src/main.o
 .debug_macro   0x0000000000017df5      0x32a Core/Src/main.o
 .debug_macro   0x000000000001811f       0x1c Core/Src/main.o
 .debug_macro   0x000000000001813b       0x10 Core/Src/main.o
 .debug_macro   0x000000000001814b       0x10 Core/Src/main.o
 .debug_macro   0x000000000001815b       0x1c Core/Src/main.o
 .debug_macro   0x0000000000018177       0x52 Core/Src/main.o
 .debug_macro   0x00000000000181c9       0x40 Core/Src/main.o
 .debug_macro   0x0000000000018209       0x10 Core/Src/main.o
 .debug_macro   0x0000000000018219       0x40 Core/Src/main.o
 .debug_macro   0x0000000000018259       0xd7 Core/Src/main.o
 .debug_macro   0x0000000000018330       0x1c Core/Src/main.o
 .debug_macro   0x000000000001834c       0x3d Core/Src/main.o
 .debug_macro   0x0000000000018389       0x16 Core/Src/main.o
 .debug_macro   0x000000000001839f      0x145 Core/Src/main.o
 .debug_macro   0x00000000000184e4       0x10 Core/Src/main.o
 .debug_macro   0x00000000000184f4      0x1ad Core/Src/stm32f1xx_hal_msp.o
 .debug_macro   0x00000000000186a1      0x1a3 Core/Src/stm32f1xx_hal_timebase_tim.o
 .debug_macro   0x0000000000018844      0x1b7 Core/Src/stm32f1xx_it.o
 .debug_macro   0x00000000000189fb      0x1a3 Core/Src/system_stm32f1xx.o
 .debug_macro   0x0000000000018b9e      0x3ae Core/Src/usart.o
 .debug_macro   0x0000000000018f4c      0x1c7 Drivers/STM32F1xx_HAL_Driver/Src/stm32f1xx_hal.o
 .debug_macro   0x0000000000019113      0x1a3 Drivers/STM32F1xx_HAL_Driver/Src/stm32f1xx_hal_cortex.o
 .debug_macro   0x00000000000192b6      0x1a3 Drivers/STM32F1xx_HAL_Driver/Src/stm32f1xx_hal_dma.o
 .debug_macro   0x0000000000019459      0x20e Drivers/STM32F1xx_HAL_Driver/Src/stm32f1xx_hal_gpio.o
 .debug_macro   0x0000000000019667      0x1b5 Drivers/STM32F1xx_HAL_Driver/Src/stm32f1xx_hal_rcc.o
 .debug_macro   0x000000000001981c      0x1a4 Drivers/STM32F1xx_HAL_Driver/Src/stm32f1xx_hal_tim.o
 .debug_macro   0x00000000000199c0      0x1a3 Drivers/STM32F1xx_HAL_Driver/Src/stm32f1xx_hal_tim_ex.o
 .debug_macro   0x0000000000019b63      0x1a4 Drivers/STM32F1xx_HAL_Driver/Src/stm32f1xx_hal_uart.o

.debug_line     0x0000000000000000     0xb240
 .debug_line    0x0000000000000000      0x672 Core/Src/dma.o
 .debug_line    0x0000000000000672      0x675 Core/Src/gpio.o
 .debug_line    0x0000000000000ce7      0x94f Core/Src/main.o
 .debug_line    0x0000000000001636      0x678 Core/Src/stm32f1xx_hal_msp.o
 .debug_line    0x0000000000001cae      0x6ab Core/Src/stm32f1xx_hal_timebase_tim.o
 .debug_line    0x0000000000002359      0x751 Core/Src/stm32f1xx_it.o
 .debug_line    0x0000000000002aaa      0x69f Core/Src/system_stm32f1xx.o
 .debug_line    0x0000000000003149      0x9b0 Core/Src/usart.o
 .debug_line    0x0000000000003af9       0x84 Core/Startup/startup_stm32f103rctx.o
 .debug_line    0x0000000000003b7d      0x852 Drivers/STM32F1xx_HAL_Driver/Src/stm32f1xx_hal.o
 .debug_line    0x00000000000043cf      0x929 Drivers/STM32F1xx_HAL_Driver/Src/stm32f1xx_hal_cortex.o
 .debug_line    0x0000000000004cf8      0xf39 Drivers/STM32F1xx_HAL_Driver/Src/stm32f1xx_hal_dma.o
 .debug_line    0x0000000000005c31      0x876 Drivers/STM32F1xx_HAL_Driver/Src/stm32f1xx_hal_gpio.o
 .debug_line    0x00000000000064a7      0x912 Drivers/STM32F1xx_HAL_Driver/Src/stm32f1xx_hal_rcc.o
 .debug_line    0x0000000000006db9     0x21da Drivers/STM32F1xx_HAL_Driver/Src/stm32f1xx_hal_tim.o
 .debug_line    0x0000000000008f93     0x131d Drivers/STM32F1xx_HAL_Driver/Src/stm32f1xx_hal_tim_ex.o
 .debug_line    0x000000000000a2b0      0xf90 Drivers/STM32F1xx_HAL_Driver/Src/stm32f1xx_hal_uart.o

.debug_str      0x0000000000000000    0x9a724
 .debug_str     0x0000000000000000    0x910b5 Core/Src/dma.o
                                      0x91571 (size before relaxing)
 .debug_str     0x00000000000910b5       0x2a Core/Src/gpio.o
                                      0x911bb (size before relaxing)
 .debug_str     0x00000000000910df     0x6c11 Core/Src/main.o
                                      0x97e9b (size before relaxing)
 .debug_str     0x0000000000097cf0       0x5a Core/Src/stm32f1xx_hal_msp.o
                                      0x911eb (size before relaxing)
 .debug_str     0x0000000000097d4a       0xaa Core/Src/stm32f1xx_hal_timebase_tim.o
                                      0x91b1a (size before relaxing)
 .debug_str     0x0000000000097df4      0x107 Core/Src/stm32f1xx_it.o
                                      0x918d7 (size before relaxing)
 .debug_str     0x0000000000097efb       0x52 Core/Src/system_stm32f1xx.o
                                      0x911d8 (size before relaxing)
 .debug_str     0x0000000000097f4d      0x163 Core/Src/usart.o
                                      0x97fcd (size before relaxing)
 .debug_str     0x00000000000980b0       0x36 Core/Startup/startup_stm32f103rctx.o
                                         0x4f (size before relaxing)
 .debug_str     0x00000000000980e6      0x2b9 Drivers/STM32F1xx_HAL_Driver/Src/stm32f1xx_hal.o
                                      0x9194d (size before relaxing)
 .debug_str     0x000000000009839f      0x300 Drivers/STM32F1xx_HAL_Driver/Src/stm32f1xx_hal_cortex.o
                                      0x91955 (size before relaxing)
 .debug_str     0x000000000009869f      0x235 Drivers/STM32F1xx_HAL_Driver/Src/stm32f1xx_hal_dma.o
                                      0x915b3 (size before relaxing)
 .debug_str     0x00000000000988d4      0x33b Drivers/STM32F1xx_HAL_Driver/Src/stm32f1xx_hal_gpio.o
                                      0x9159c (size before relaxing)
 .debug_str     0x0000000000098c0f      0x245 Drivers/STM32F1xx_HAL_Driver/Src/stm32f1xx_hal_rcc.o
                                      0x915d5 (size before relaxing)
 .debug_str     0x0000000000098e54      0xe42 Drivers/STM32F1xx_HAL_Driver/Src/stm32f1xx_hal_tim.o
                                      0x925a7 (size before relaxing)
 .debug_str     0x0000000000099c96      0x561 Drivers/STM32F1xx_HAL_Driver/Src/stm32f1xx_hal_tim_ex.o
                                      0x91d81 (size before relaxing)
 .debug_str     0x000000000009a1f7      0x52d Drivers/STM32F1xx_HAL_Driver/Src/stm32f1xx_hal_uart.o
                                      0x91adb (size before relaxing)

.comment        0x0000000000000000       0x7b
 .comment       0x0000000000000000       0x7b Core/Src/dma.o
                                         0x7c (size before relaxing)
 .comment       0x000000000000007b       0x7c Core/Src/gpio.o
 .comment       0x000000000000007b       0x7c Core/Src/main.o
 .comment       0x000000000000007b       0x7c Core/Src/stm32f1xx_hal_msp.o
 .comment       0x000000000000007b       0x7c Core/Src/stm32f1xx_hal_timebase_tim.o
 .comment       0x000000000000007b       0x7c Core/Src/stm32f1xx_it.o
 .comment       0x000000000000007b       0x7c Core/Src/system_stm32f1xx.o
 .comment       0x000000000000007b       0x7c Core/Src/usart.o
 .comment       0x000000000000007b       0x7c Drivers/STM32F1xx_HAL_Driver/Src/stm32f1xx_hal.o
 .comment       0x000000000000007b       0x7c Drivers/STM32F1xx_HAL_Driver/Src/stm32f1xx_hal_cortex.o
 .comment       0x000000000000007b       0x7c Drivers/STM32F1xx_HAL_Driver/Src/stm32f1xx_hal_dma.o
 .comment       0x000000000000007b       0x7c Drivers/STM32F1xx_HAL_Driver/Src/stm32f1xx_hal_gpio.o
 .comment       0x000000000000007b       0x7c Drivers/STM32F1xx_HAL_Driver/Src/stm32f1xx_hal_rcc.o
 .comment       0x000000000000007b       0x7c Drivers/STM32F1xx_HAL_Driver/Src/stm32f1xx_hal_tim.o
 .comment       0x000000000000007b       0x7c Drivers/STM32F1xx_HAL_Driver/Src/stm32f1xx_hal_tim_ex.o
 .comment       0x000000000000007b       0x7c Drivers/STM32F1xx_HAL_Driver/Src/stm32f1xx_hal_uart.o

.debug_frame    0x0000000000000000     0x3190
 .debug_frame   0x0000000000000000       0x34 Core/Src/dma.o
 .debug_frame   0x0000000000000034       0x38 Core/Src/gpio.o
 .debug_frame   0x000000000000006c       0x94 Core/Src/main.o
 .debug_frame   0x0000000000000100       0x38 Core/Src/stm32f1xx_hal_msp.o
 .debug_frame   0x0000000000000138       0x74 Core/Src/stm32f1xx_hal_timebase_tim.o
 .debug_frame   0x00000000000001ac      0x160 Core/Src/stm32f1xx_it.o
 .debug_frame   0x000000000000030c       0x58 Core/Src/system_stm32f1xx.o
 .debug_frame   0x0000000000000364       0xe8 Core/Src/usart.o
 .debug_frame   0x000000000000044c      0x334 Drivers/STM32F1xx_HAL_Driver/Src/stm32f1xx_hal.o
 .debug_frame   0x0000000000000780      0x428 Drivers/STM32F1xx_HAL_Driver/Src/stm32f1xx_hal_cortex.o
 .debug_frame   0x0000000000000ba8      0x20c Drivers/STM32F1xx_HAL_Driver/Src/stm32f1xx_hal_dma.o
 .debug_frame   0x0000000000000db4      0x14c Drivers/STM32F1xx_HAL_Driver/Src/stm32f1xx_hal_gpio.o
 .debug_frame   0x0000000000000f00      0x21c Drivers/STM32F1xx_HAL_Driver/Src/stm32f1xx_hal_rcc.o
 .debug_frame   0x000000000000111c     0x11bc Drivers/STM32F1xx_HAL_Driver/Src/stm32f1xx_hal_tim.o
 .debug_frame   0x00000000000022d8      0x638 Drivers/STM32F1xx_HAL_Driver/Src/stm32f1xx_hal_tim_ex.o
 .debug_frame   0x0000000000002910      0x834 Drivers/STM32F1xx_HAL_Driver/Src/stm32f1xx_hal_uart.o
 .debug_frame   0x0000000000003144       0x2c c:/st/stm32cubeide_1.4.0/stm32cubeide/plugins/com.st.stm32cube.ide.mcu.externaltools.gnu-tools-for-stm32.7-2018-q2-update.win32_1.4.0.202007081208/tools/bin/../lib/gcc/arm-none-eabi/7.3.1/../../../../arm-none-eabi/lib/thumb/v7-m\libc_nano.a(lib_a-init.o)
 .debug_frame   0x0000000000003170       0x20 c:/st/stm32cubeide_1.4.0/stm32cubeide/plugins/com.st.stm32cube.ide.mcu.externaltools.gnu-tools-for-stm32.7-2018-q2-update.win32_1.4.0.202007081208/tools/bin/../lib/gcc/arm-none-eabi/7.3.1/../../../../arm-none-eabi/lib/thumb/v7-m\libc_nano.a(lib_a-memset.o)
